============================= test session starts =============================
platform win32 -- Python 3.10.11, pytest-7.4.0, pluggy-1.6.0 -- C:\Users\v-coralhuang\AppData\Local\Programs\Python\Python310\python.exe
cachedir: .pytest_cache
metadata: {'Python': '3.10.11', 'Platform': 'Windows-10-10.0.26200-SP0', 'Packages': {'pytest': '7.4.0', 'pluggy': '1.6.0'}, 'Plugins': {'anyio': '4.11.0', 'cov': '4.1.0', 'json-report': '1.5.0', 'metadata': '3.1.1', 'respx': '0.20.0'}}
rootdir: C:\Bug_Bash\25_11_07\v-coralhuang_25_11_07_case1
plugins: anyio-4.11.0, cov-4.1.0, json-report-1.5.0, metadata-3.1.1, respx-0.20.0
collecting ... collected 12 items

test_concurrency.py::test_concurrent_updates PASSED                      [  8%]
test_concurrency.py::test_missing_changes_attribute PASSED               [ 16%]
test_concurrency.py::test_leftover_changes_cleanup PASSED                [ 25%]
test_concurrency.py::test_rollback_scenario PASSED                       [ 33%]
test_concurrency.py::test_concurrent_creates PASSED                      [ 41%]
test_concurrency.py::test_concurrent_deletes PASSED                      [ 50%]
test_concurrency.py::test_type_safety_changes PASSED                     [ 58%]
test_concurrency.py::test_nested_changes_structure PASSED                [ 66%]
test_concurrency.py::test_atomic_index_updates PASSED                    [ 75%]
test_concurrency.py::test_transaction_isolation PASSED                   [ 83%]
test_concurrency.py::test_exception_handling_during_index_update PASSED  [ 91%]
test_concurrency.py::test_multiple_searchable_classes PASSED             [100%]

============================== warnings summary ===============================
test_concurrency.py::test_concurrent_updates
  C:\Bug_Bash\25_11_07\v-coralhuang_25_11_07_case1\test_concurrency.py:45: LegacyAPIWarning: Deprecated API features detected! These feature(s) are not compatible with SQLAlchemy 2.0. To prevent incompatible upgrades prior to updating applications, ensure requirements files are pinned to "sqlalchemy<2.0". Set environment variable SQLALCHEMY_WARN_20=1 to show all deprecation warnings.  Set environment variable SQLALCHEMY_SILENCE_UBER_WARNING=1 to silence this message. (Background on SQLAlchemy 2.0 at: https://sqlalche.me/e/b8d9)
    post = Post.query.get(post_id)

test_concurrency.py::test_atomic_index_updates
  C:\Users\v-coralhuang\AppData\Local\Programs\Python\Python310\lib\site-packages\_pytest\threadexception.py:73: PytestUnhandledThreadExceptionWarning: Exception in thread Thread-12 (add_many_updates)
  
  Traceback (most recent call last):
    File "C:\Users\v-coralhuang\AppData\Local\Programs\Python\Python310\lib\site-packages\sqlalchemy\engine\base.py", line 1910, in _execute_context
      self.dialect.do_execute(
    File "C:\Users\v-coralhuang\AppData\Local\Programs\Python\Python310\lib\site-packages\sqlalchemy\engine\default.py", line 736, in do_execute
      cursor.execute(statement, parameters)
  sqlite3.OperationalError: cannot start a transaction within a transaction
  
  The above exception was the direct cause of the following exception:
  
  Traceback (most recent call last):
    File "C:\Users\v-coralhuang\AppData\Local\Programs\Python\Python310\lib\threading.py", line 1016, in _bootstrap_inner
      self.run()
    File "C:\Users\v-coralhuang\AppData\Local\Programs\Python\Python310\lib\threading.py", line 953, in run
      self._target(*self._args, **self._kwargs)
    File "C:\Bug_Bash\25_11_07\v-coralhuang_25_11_07_case1\test_concurrency.py", line 282, in add_many_updates
      update_post(app, post_id, f'{prefix}-{i}')
    File "C:\Bug_Bash\25_11_07\v-coralhuang_25_11_07_case1\test_concurrency.py", line 49, in update_post
      db.session.commit()
    File "<string>", line 2, in commit
    File "C:\Users\v-coralhuang\AppData\Local\Programs\Python\Python310\lib\site-packages\sqlalchemy\orm\session.py", line 1454, in commit
      self._transaction.commit(_to_root=self.future)
    File "C:\Users\v-coralhuang\AppData\Local\Programs\Python\Python310\lib\site-packages\sqlalchemy\orm\session.py", line 832, in commit
      self._prepare_impl()
    File "C:\Users\v-coralhuang\AppData\Local\Programs\Python\Python310\lib\site-packages\sqlalchemy\orm\session.py", line 811, in _prepare_impl
      self.session.flush()
    File "C:\Users\v-coralhuang\AppData\Local\Programs\Python\Python310\lib\site-packages\sqlalchemy\orm\session.py", line 3449, in flush
      self._flush(objects)
    File "C:\Users\v-coralhuang\AppData\Local\Programs\Python\Python310\lib\site-packages\sqlalchemy\orm\session.py", line 3588, in _flush
      with util.safe_reraise():
    File "C:\Users\v-coralhuang\AppData\Local\Programs\Python\Python310\lib\site-packages\sqlalchemy\util\langhelpers.py", line 70, in __exit__
      compat.raise_(
    File "C:\Users\v-coralhuang\AppData\Local\Programs\Python\Python310\lib\site-packages\sqlalchemy\util\compat.py", line 211, in raise_
      raise exception
    File "C:\Users\v-coralhuang\AppData\Local\Programs\Python\Python310\lib\site-packages\sqlalchemy\orm\session.py", line 3549, in _flush
      flush_context.execute()
    File "C:\Users\v-coralhuang\AppData\Local\Programs\Python\Python310\lib\site-packages\sqlalchemy\orm\unitofwork.py", line 456, in execute
      rec.execute(self)
    File "C:\Users\v-coralhuang\AppData\Local\Programs\Python\Python310\lib\site-packages\sqlalchemy\orm\unitofwork.py", line 630, in execute
      util.preloaded.orm_persistence.save_obj(
    File "C:\Users\v-coralhuang\AppData\Local\Programs\Python\Python310\lib\site-packages\sqlalchemy\orm\persistence.py", line 237, in save_obj
      _emit_update_statements(
    File "C:\Users\v-coralhuang\AppData\Local\Programs\Python\Python310\lib\site-packages\sqlalchemy\orm\persistence.py", line 1001, in _emit_update_statements
      c = connection._execute_20(
    File "C:\Users\v-coralhuang\AppData\Local\Programs\Python\Python310\lib\site-packages\sqlalchemy\engine\base.py", line 1710, in _execute_20
      return meth(self, args_10style, kwargs_10style, execution_options)
    File "C:\Users\v-coralhuang\AppData\Local\Programs\Python\Python310\lib\site-packages\sqlalchemy\sql\elements.py", line 334, in _execute_on_connection
      return connection._execute_clauseelement(
    File "C:\Users\v-coralhuang\AppData\Local\Programs\Python\Python310\lib\site-packages\sqlalchemy\engine\base.py", line 1577, in _execute_clauseelement
      ret = self._execute_context(
    File "C:\Users\v-coralhuang\AppData\Local\Programs\Python\Python310\lib\site-packages\sqlalchemy\engine\base.py", line 1953, in _execute_context
      self._handle_dbapi_exception(
    File "C:\Users\v-coralhuang\AppData\Local\Programs\Python\Python310\lib\site-packages\sqlalchemy\engine\base.py", line 2134, in _handle_dbapi_exception
      util.raise_(
    File "C:\Users\v-coralhuang\AppData\Local\Programs\Python\Python310\lib\site-packages\sqlalchemy\util\compat.py", line 211, in raise_
      raise exception
    File "C:\Users\v-coralhuang\AppData\Local\Programs\Python\Python310\lib\site-packages\sqlalchemy\engine\base.py", line 1910, in _execute_context
      self.dialect.do_execute(
    File "C:\Users\v-coralhuang\AppData\Local\Programs\Python\Python310\lib\site-packages\sqlalchemy\engine\default.py", line 736, in do_execute
      cursor.execute(statement, parameters)
  sqlalchemy.exc.OperationalError: (sqlite3.OperationalError) cannot start a transaction within a transaction
  [SQL: UPDATE post SET body=? WHERE post.id = ?]
  [parameters: ('T2-4', 1)]
  (Background on this error at: https://sqlalche.me/e/14/e3q8)
  
    warnings.warn(pytest.PytestUnhandledThreadExceptionWarning(msg))

-- Docs: https://docs.pytest.org/en/stable/how-to/capture-warnings.html
======================= 12 passed, 2 warnings in 0.68s ========================
